// Jest Snapshot v1, https://goo.gl/fbAQLP

exports[`<SearchBar/> should render correctly 1`] = `
.c1 {
  background-color: #FFFFFF;
  box-shadow: 0px 2px 12px rgba(0,0,0,0.04);
  border-top-left-radius: 12px;
  border-bottom-left-radius: 12px;
  height: 100%;
  box-sizing: border-box;
  display: -webkit-box;
  display: -webkit-flex;
  display: -ms-flexbox;
  display: flex;
  -webkit-align-items: center;
  -webkit-box-align: center;
  -ms-flex-align: center;
  align-items: center;
  padding: 0px 10px;
}

.c2 {
  color: #34333A;
  font-size: 24px;
}

.c3 {
  background-color: #FFFFFF;
  box-shadow: 0px 2px 12px rgba(0,0,0,0.04);
  border-top-right-radius: 12px;
  border-bottom-right-radius: 12px;
  font-family: Quicksand;
  font-weight: 600;
  height: 100%;
  border: none;
  outline: none;
}

.c3::-webkit-input-placeholder {
  color: #BDBDBD;
}

.c3::-moz-placeholder {
  color: #BDBDBD;
}

.c3:-ms-input-placeholder {
  color: #BDBDBD;
}

.c3::placeholder {
  color: #BDBDBD;
}

.c0 {
  display: -webkit-box;
  display: -webkit-flex;
  display: -ms-flexbox;
  display: flex;
  -webkit-align-items: center;
  -webkit-box-align: center;
  -ms-flex-align: center;
  align-items: center;
  -webkit-box-pack: justify;
  -webkit-justify-content: space-between;
  -ms-flex-pack: justify;
  justify-content: space-between;
  height: 40px;
  margin-top: 10px;
}

@media (min-width:1200px) {
  .c0 {
    font-size: 24px;
    margin-left: 20px;
    margin-top: 0px;
  }
}

<div>
  <div
    class="c0"
  >
    <div
      class="c1"
    >
      <div
        class="c2 material-icons-round"
      >
        search
      </div>
    </div>
    <input
      class="c3"
      placeholder="Search item"
    />
  </div>
</div>
`;
