// Jest Snapshot v1, https://goo.gl/fbAQLP

exports[`<ItemsGroup/> should render correctly 1`] = `
<div>
  <div
    style="margin-top: 50px;"
  >
    <h3
      class="sc-AxjAm iPmHoR"
    >
      Fruit
    </h3>
    <div
      class="sc-AxirZ kZXQEr"
    >
      <div
        class="sc-AxiKw jiIYom"
      >
        <span
          class="sc-AxhCb dnXiiO"
        >
          Apple
        </span>
        <i
          class="sc-AxhUy iXJonX material-icons-round"
        >
          add
        </i>
      </div>
      <div
        class="sc-AxiKw jiIYom"
      >
        <span
          class="sc-AxhCb dnXiiO"
        >
          Banana
        </span>
        <i
          class="sc-AxhUy iXJonX material-icons-round"
        >
          add
        </i>
      </div>
      <div
        class="sc-AxiKw jiIYom"
      >
        <span
          class="sc-AxhCb dnXiiO"
        >
          Orange
        </span>
        <i
          class="sc-AxhUy iXJonX material-icons-round"
        >
          add
        </i>
      </div>
    </div>
  </div>
</div>
`;
